Process 8625 exited:  0
Process 8626 exited:  0
Process 8627 exited:  0
