Process 8630 exited:  0
Process 8631 exited:  0
Process 8632 exited:  0
Process 8633 exited:  0
Process 8634 exited:  0
