Process 9308 exited:  0
Process 9307 exited:  0
Process 9310 exited:  1
Process 9309 exited:  1
Process 9312 exited:  0
Process 9311 exited:  0
Process 9314 exited:  1
Process 9313 exited:  0
Process 9317 exited:  0
Process 9316 exited:  1
Process 9315 exited:  1
Process 9320 exited:  0
Process 9319 exited:  0
Process 9318 exited:  0
Process 9323 exited:  0
Process 9322 exited:  0
Process 9321 exited:  0
Process 9326 exited:  0
Process 9325 exited:  0
Process 9324 exited:  0
