Process 12495 exited: 0
Process 12496 exited: 0
Process 12497 exited: 0
Process 12503 exited:  0
Process 12502 exited: 0
Process 12507 exited:  1
Process 12506 exited: 0
