Process 7382 exited:  0
Process 7383 exited:  0
Process 7384 exited:  0
Process 7385 exited:  0
Process 7386 exited:  0
Process 7387 exited:  0
